Renesas Optimizing Linker (W3.03.00 )             22-Jul-2024 18:20:02

*** Options ***

-subcommand=DefaultBuild\Blink_LED.clnk
-input=DefaultBuild\boot.obj
-input=DefaultBuild\cstart.obj
-input=DefaultBuild\main.obj
-input=DefaultBuild\common_definations.obj
-input=DefaultBuild\TIMER.obj
-input=DefaultBuild\GPIO.obj
-input=DefaultBuild\ISR.obj
-input=DefaultBuild\interrupt_vector_table.obj
-input=DefaultBuild\ADCA.obj
-debug
-nocompress
-NOOPtimize
-output=DefaultBuild\Blink_LED.abs
-library=v850e3v5\rhf4n.lib
-library=v850e3v5\libmalloc.lib
-list=DefaultBuild\Blink_LED.map
-start=RESET,EIINTTBL/0,.const,.INIT_DSEC.const,.INIT_BSEC.const,.text,.data/00008000,.data.R,.bss,.stack.bss/FEDE8000
-rom=.data=.data.R
-memory=high
-nologo
-end

*** Error information ***

W0561100:Cannot find "EIINTTBL" specified in option "start"

*** Mapping List ***

SECTION                            START      END         SIZE   ALIGN
RESET
                                  00000000  000001f7       1f8   200
.const
                                  00008000  00008597       598   4
.INIT_DSEC.const
                                  00008598  000085a3         c   4
.INIT_BSEC.const
                                  000085a4  000085ab         8   4
.text
                                  000085ac  00008eb5       90a   2
.data
                                  00008eb8  00008eb8         0   4
.data.R
                                  fede8000  fede8000         0   4
.bss
                                  fede8000  fede8000         0   4
.stack.bss
                                  fede8000  fede81ff       200   4
